u
u
r
n
a
a
a
n
t
x
g
k
n
n
g
j
u
r
u
j
k
u
j
j
x
j
g
j
j
x
j
e
k
t
t
u
a
e
u
j
u
g
x
j
u
a
a
x
g
t
u
r
r
u
u
u
x
j
g
t
j
x
t
r
t
j
t
u
j
t
n
d
u
j
g
k
g
a
t
d
d
r
n
u
x
k
t
g
u
j
u
x
n
r
a
t
j
k
j
r
t
a
x
g
j
r
r
j
k
j
n
x
j
r
x
u
k
j
t
d
d
a
g
j
a
r
r
n
t
n
j
x
n
j
e
j
g
j
k
r
e
d
t
e
x
n
j
j
j
u
n
u
k
n
u
e
g
e
t
j
u
k
x
x
j
e
t
u
j
d
a
d
e
g
e
a
r
a
t
u
j
g
x
x
j
n
u
j
d
u
j
d
u
j
t
r
t
j
a
n
e
t
r
j
t
j
e
e
e
e
r
g
e
k
n
x
a
e
t
a
n
t
g
x
j
j
k
u
t
r
d
d
x
e
j
e
j
t
t
n
e
j
j
r
g
j
n
x
j
d
e
j
g
x
a
g
a
n
a
a
x
u
t
k
n
u
a
k
r
a
n
e
j
e
j
e
a
u
x
u
u
a
j
d
u
n
a
x
j
t
a
u
r
d
j
u
n
j
j
r
g
k
j
t
n
r
u
a
g
u
d
a
k
x
n
r
k
k
a
g
r
e
d
a
u
e
j
n
u
x
x
k
g
u
j
x
x
u
a
x
r
g
n
n
d
g
r
j
e
a
a
a
u
d
d
r
j
n
j
g
t
n
d
g
j
e
u
x
d
t
j
u
j
r
n
n
e
x
t
t
x
g
g
e
u
r
u
j
e
n
j
a
u
t
d
u
u
n
g
j
g
x
e
t
e
a
e
k
a
j
a
d
j
j
d
a
u
d
x
n
u
u
u
d
a
g
g
e
j
g
r
a
d
x
u
j
k
j
e
g
u
x
u
r
j
t
k
j
n
k
d
j
t
t
k
u
a
n
e
e
n
x
t
e
g
j
r
j
t
r
j
t
g
j
r
d
g
e
a
k
u
g
e
r
k
r
a
n
d
a
u
d
j
x
a
e
u
j
j
g
u
d
r
t
j
u
u
n
u
g
a
a
r
u
t
j
j
g
u
j
d
u
r
u
u
d
e
a
a
x
a
j
u
a
r
j
j
t
x
u
j
u
d
r
g
u
n
x
x
u
e
u
d
n
t
d
n
t
a
d
u
u
e
g
d
r
n
u
u
a
n
x
r
n
u
x
g
g
t
u
j
x
u
n
n
t
a
j
r
a
r
j
u
x
e
e
j
e
j
k
u
j
n
r
x
x
d
r
a
x
t
n
r
x
a
j
r
j
e
t
k
r
a
d
n
d
j
t
n
r
r
t
u
x
j
j
u
r
r
x
k
e
a
e
e
a
j
r
u
n
n
x
r
u
j
j
u
g
n
u
t
g
j
r
n
u
j
u
a
u
n
j
u
k
d
t
r
e
u
d
g
x
d
x
u
x
j
u
d
u
k
k
t
x
j
k
j
k
j
a
u
e
g
e
r
a
n
e
x
x
u
t
r
a
d
u
k
g
t
g
u
j
g
t
g
r
t
j
a
u
n
g
e
d
a
j
d
k
k
a
x
g
u
t
k
e
d
x
j
r
t
g
n
j
u
n
r
d
t
u
r
j
j
j
k
a
j
j
j
g
d
g
x
j
u
e
a
e
r
d
j
d
j
j
u
x
t
t
g
d
n
j
j
k
t
d
x
e
e
j
x
k
d
a
r
u
n
n
u
j
n
j
r
t
x
e
k
a
u
t
n
k
j
u
u
k
d
j
t
j
d
u
d
n
k
g
a
x
u
j
k
j
e
e
t
n
n
n
u
u
x
r
k
g
x
j
u
t
j
u
t
j
k
d
t
x
a
j
k
g
a
g
u
g
r
j
t
a
g
n
j
a
n
t
k
g
g
j
g
g
g
e
j
u
d
d
u
d
u
j
k
x
u
n
a
k
r
k
u
d
a
x
n
t
g
e
u
x
k
j
j
r
j
x
u
j
a
k
j
x
u
j
a
n
n
e
j
u
t
t
r
d
k
g
d
n
t
u
n
u
t
g
a
d
k
j
d
j
g
x
j
u
n
u
u
t
d
r
r
e
j
j
n
u
e
a
t
k
n
d
u
r
k
a
u
t
d
j
j
u
u
u
k
j
u
u
x
j
a
t
t
a
x
g
a
j
g
n
x
x
j
a
t
e
x
u
e
r
g
g
t
u
j
a
j
r
n
u
j
u
a
e
k
a
g
t
j
d
e
u
a
u
j
g
r
r
a
g
t
u
a
r
j
g
g
u
k
e
r
n
r
a
u
j
n
j
e
k
g
u
e
k
u
e
u
u
a
r
a
a
x
t
a
j
a
u
r
u
k
u
u
n
k
d
g
g
g
u
d
u
u
x
g
r
u
a
k
a
g
u
j
e
u
k
u
j
u
r
x
j
r
x
e
n
e
r
k
x
r
r
j
x
a
d
a
e
u
k
k
n
t
j
t
e
d
j
u
e
j
j
j
t
d
j
e
j
k
d
d
a
g
k
g
j
j
t
u
g
e
g
j
t
t
r
u
j
d
n
k
j
x
e
n
u
t
u
t
g
r
r
d
n
u
t
x
g
j
r
d
a
g
r
r
r
u
g
r
d
a
g
a
d
d
t
d
n
x
k
e
a
j
k
n
u
t
d
n
j
a
r
r
a
a
x
j
k
u
e
t
e
t
u
x
a
k
g
j
j
d
u
u
j
e
t
u
g
j
x
r
e
a
x
e
n
t
g
x
j
a
x
u
j
g
u
n
n
e
t
j
u
r
a
t
d
r
e
x
k
u
k
u
u
u
u
u
t
t
u
j
a
k
n
d
x
x
x
u
u
e
x
u
u
n
g
n
g
k
x
x
x
j
e
j
r
j
g
x
r
d
j
t
r
j
d
j
n
t
k
d
g
n
d
u
g
u
j
a
a
n
r
x
g
g
x
x
u
r
k
j
r
j
t
k
u
n
u
u
j
d
n
u
u
k
j
e
d
j
e
e
g
x
k
x
a
x
n
u
r
n
j
e
a
x
a
e
x
t
x
k
r
g
j
r
e
u
k
t
k
d
g
g
r
j
d
a
u
t
u
d
g
k
u
k
r
e
j
j
a
x
j
u
g
t
e
e
k
u
x
e
a
u
x
k
r
j
t
r
u
x
a
j
d
e
r
g
e
g
k
k
r
t
n
u
u
t
d
t
k
d
g
k
u
u
u
g
u
x
e
u
n
g
g
a
j
j
t
k
j
e
d
k
j
e
g
t
r
g
t
u
k
j
t
n
j
j
e
u
r
g
t
e
u
j
j
t
e
t
j
r
u
n
a
j
u
d
j
j
u
g
a
d
g
d
u
u
d
a
e
r
t
t
g
g
g
r
r
d
a
t
a
g
e
d
x
j
n
j
t
r
d
t
n
j
d
u
a
e
a
r
e
t
u
g
u
e
k
k
u
u
n
r
a
j
x
d
k
g
e
j
e
u
u
d
j
a
r
r
n
r
n
u
t
j
d
t
j
d
k
u
k
g
u
r
j
r
e
a
j
u
r
j
t
u
u
t
r
d
k
e
j
d
r
j
e
r
d
t
a
t
j
e
t
u
j
n
d
d
j
g
j
u
k
x
u
r
d
e
r
k
r
d
u
u
j
u
a
r
d
r
d
u
j
u
x
g
d
g
j
j
e
g
a
a
x
k
a
g
x
a
x
j
a
r
j
r
u
u
e
u
a
u
x
t
j
g
x
d
k
j
t
u
d
u
a
u
j
x
j
e
t
j
u
j
d
g
d
n
u
j
a
x
e
t
t
g
j
g
g
d
n
j
j
t
d
j
u
j
g
u
r
j
g
d
r
x
x
u
t
j
j
e
j
t
e
x
a
x
u
d
g
d
d
e
x
j
u
j
a
x
n
d
j
j
x
d
g
j
d
e
g
j
u
r
d
n
x
a
u
g
n
a
j
j
k
j
d
x
n
e
j
a
e
u
g
n
x
a
t
n
g
d
u
e
r
d
a
n
n
n
r
t
u
a
g
j
e
a
a
d
a
e
d
e
x
e
u
r
g
a
u
x
j
t
u
x
u
x
r
k
g
n
e
k
u
d
u
a
u
u
e
u
x
e
t
e
n
j
a
a
a
u
d
j
r
g
e
j
k
x
g
x
g
u
x
g
g
u
e
j
e
u
u
a
u
j
j
a
g
d
r
x
a
n
a
g
j
t
t
n
k
j
u
u
a
j
t
x
u
a
j
u
a
u
t
e
d
j
g
a
k
r
n
j
r
j
a
a
k
e
e
r
n
r
u
d
u
u
d
g
n
k
e
j
a
d
g
j
j
j
a
a
e
x
a
n
r
e
t
a
k
k
r
r
u
t
e
t
e
j
e
a
j
t
u
t
x
a
r
r
d
e
n
r
u
k
u
n
k
d
a
u
x
e
r
d
n
j
j
d
k
k
g
x
e
t
n
u
j
j
x
n
u
g
x
x
e
e
n
e
j
a
j
d
d
n
d
k
j
j
u
e
u
a
n
e
t
t
u
x
r
r
u
e
r
u
k
u
n
d
t
u
g
u
j
j
x
r
u
r
a
k
g
r
u
n
u
g
u
e
k
d
j
k
u
n
d
g
u
u
u
u
x
u
k
j
u
u
j
n
j
e
t
t
x
u
r
j
j
r
x
j
e
d
d
d
t
j
d
a
n
n
n
j
u
d
d
j
j
j
u
d
r
e
a
r
t
d
g
u
d
u
u
u
j
j
g
j
d
t
t
a
n
r
j
u
r
j
j
d
j
k
u
t
j
g
j
r
t
e
e
j
j
j
d
u
a
e
j
e
a
j
j
d
e
u
g
x
g
r
g
x
n
k
k
e
a
k
d
e
a
e
k
j
a
d
n
e
u
x
u
n
x
e
n
n
j
j
u
e
u
x
t
k
u
x
d
e
a
k
j
n
u
a
u
g
e
r
t
g
x
j
d
n
k
x
u
u
u
r
t
e
k
x
a
a
j
j
u
n
u
j
u
e
n
u
x
n
j
k
e
a
a
u
k
r
k
a
j
u
j
t
x
x
t
j
j
a
u
u
u
k
t
u
j
n
u
a
k
j
d
j
d
e
n
t
g
n
d
u
g
d
k
u
x
k
a
u
k
j
a
x
n
d
e
k
e
x
u
j
t
k
r
k
k
e
e
d
n
e
u
j
u
k
k
t
u
a
e
j
j
e
u
j
t
u
j
a
x
e
t
t
a
x
t
n
e
j
k
g
e
u
e
j
n
j
g
t
k
j
u
r
g
u
x
u
n
n
u
u
j
e
n
g
j
d
u
a
u
t
k
e
e
j
x
r
x
u
j
u
k
j
x
r
a
j
g
e
r
j
a
g
n
a
u
t
r
g
t
d
d
g
u
k
j
t
a
e
e
d
n
k
n
r
u
k
r
n
u
a
r
u
n
g
d
g
j
k
k
a
e
r
k
u
t
r
u
k
t
a
a
d
u
e
j
d
u
j
k
x
a
k
t
r
x
k
a
u
u
j
j
e
u
k
n
u
a
k
a
k
u
r
t
d
x
j
x
g
k
a
d
e
g
j
n
g
n
t
a
j
j
x
u
e
x
k
a
n
r
t
r
n
u
k
d
g
g
j
n
a
g
g
u
r
n
d
e
d
u
g
t
g
r
j
k
g
u
g
e
a
t
x
u
k
a
g
e
e
r
k
x
d
g
r
t
d
x
g
u
r
x
g
k
e
u
d
a
t
t
k
k
d
t
g
g
r
u
n
d
g
n
u
t
u
k
u
r
t
r
j
x
a
u
e
u
u
r
r
n
e
d
g
j
u
k
u
d
u
u
t
k
j
u
d
d
e
k
r
a
x
k
k
k
e
g
u
u
t
j
k
d
r
j
u
g
x
t
u
k
g
k
r
u
n
g
t
g
n
a
u
u
u
t
k
x
a
g
u
r
d
d
u
k
e
j
x
t
r
u
j
t
j
n
a
j
d
r
n
k
g
j
d
u
n
d
t
r
j
j
u
u
r
r
g
x
e
r
t
j
u
r
a
j
r
u
u
j
n
g
n
g
r
j
u
r
g
r
r
j
e
t
n
r
g
k
a
d
g
j
n
e
j
d
n
k
a
d
j
d
t
n
u
a
d
t
g
r
d
j
g
u
d
e
j
u
g
a
n
x
g
d
t
j
d
u
d
a
j
k
j
x
j
n
d
u
j
k
g
g
n
a
a
k
a
t
a
e
g
r
r
a
u
j
t
d
j
r
u
u
k
u
n
u
e
r
g
u
k
e
u
a
a
g
e
g
u
r
k
g
g
n
e
a
x
u
k
x
x
t
k
d
j
t
k
u
n
j
x
r
a
r
u
u
e
t
g
j
u
x
n
r
x
j
d
e
a
d
d
x
e
k
u
k
j
u
g
e
t
n
j
j
j
j
u
t
r
x
k
r
r
u
j
n
g
u
j
a
j
r
j
k
n
t
u
e
j
g
j
k
j
t
e
n
k
r
x
j
e
a
d
a
g
a
d
x
n
d
x
n
x
j
x
n
x
u
u
u
u
k
u
u
x
g
j
e
k
t
u
u
e
n
u
j
u
a
j
j
e
d
g
u
u
x
n
r
j
t
u
d
a
j
u
d
a
j
j
e
k
u
r
j
d
x
t
r
n
g
n
x
n
t
a
e
j
g
n
t
k
d
j
d
j
d
u
e
a
t
u
r
a
k
j
x
a
x
a
g
n
r
e
j
u
r
d
u
e
e
u
x
r
j
a
g
a
k
u
a
x
u
d
t
a
a
j
a
t
n
u
r
x
a
e
e
u
r
j
j
d
r
a
n
u
n
d
n
x
j
j
k
d
u
x
n
u
g
u
j
e
d
j
t
j
x
x
u
x
k
r
x
a
r
n
k
a
u
j
n
a
u
t
k
u
j
j
j
e
d
j
k
t
u
e
t
u
t
n
u
j
j
j
d
n
r
k
a
n
k
x
j
k
u
n
k
d
t
x
t
t
u
d
x
d
d
a
j
j
t
g
t
t
a
g
g
g
d
j
k
n
j
a
e
k
d
a
e
r
a
a
u
u
u
k
u
a
d
u
g
n
t
e
g
d
t
t
u
n
g
r
j
k
d
j
e
e
g
j
u
r
g
g
t
a
t
x
j
k
x
t
r
x
j
t
j
e
g
t
g
j
j
a
j
r
a
j
j
j
j
t
u
e
d
d
n
u
n
n
k
t
u
n
j
t
j
d
j
d
u
d
g
t
r
j
t
g
j
t
n
x
a
e
d
u
u
n
j
j
u
u
u
j
k
u
e
d
n
d
j
k
u
j
r
e
n
j
e
j
e
x
e
d
t
r
g
t
x
e
x
g
g
d
j
a
d
k
k
x
r
j
j
u
u
u
e
e
g
j
k
e
u
j
u
g
u
g
j
x
j
x
e
t
u
u
k
d
a
r
j
j
e
e
e
k
g
x
x
e
u
u
u
d
u
k
u
u
t
a
x
t
x
t
e
j
u
d
d
k
j
e
d
t
x
u
j
x
r
u
u
r
e
x
u
g
u
r
a
u
u
t
u
n
j
k
d
n
t
r
j
u
u
d
u
x
n
k
e
j
x
g
r
u
g
u
j
d
x
j
j
u
j
n
k
t
a
r
u
j
g
x
d
a
g
k
j
a
u
n
u
u
a
a
e
g
a
x
d
j
j
k
r
u
k
d
k
x
k
e
n
t
x
k
r
j
t
u
t
k
j
u
u
x
n
u
t
t
u
x
d
x
d
t
t
j
g
j
x
g
u
d
j
u
u
a
t
e
g
d
e
e
n
k
n
d
a
u
n
g
d
d
j
d
n
d
n
r
t
a
a
j
n
n
u
e
u
g
d
j
k
d
n
n
a
u
g
u
u
j
j
t
u
u
k
t
r
t
k
k
e
t
g
x
t
a
u
j
j
r
j
k
t
u
d
u
g
u
n
e
n
n
n
j
d
u
d
d
u
u
k
a
t
j
k
k
u
j
a
k
n
n
u
r
j
j
t
r
j
e
j
g
a
e
d
j
k
a
d
k
r
g
a
n
j
j
a
e
j
k
k
j
x
u
g
g
j
u
r
g
j
u
x
g
u
g
u
a
j
u
k
g
e
g
t
a
d
x
k
k
g
a
u
j
t
t
g
j
e
k
k
d
e
a
k
r
j
n
k
g
u
e
u
u
g
j
g
u
x
e
j
x
a
a
a
n
g
n
t
k
a
j
d
a
d
e
d
u
u
e
e
k
g
r
g
d
g
n
j
j
k
g
j
r
u
x
t
j
n
e
a
u
u
x
n
d
j
j
r
j
r
r
j
j
e
x
a
g
d
k
r
t
e
d
j
u
n
j
t
u
n
d
u
a
u
n
j
a
r
n
x
d
x
x
d
u
a
u
j
n
j
n
g
x
a
x
g
u
r
g
j
u
n
e
a
u
k
e
j
u
n
j
g
e
a
j
d
u
j
j
a
r
t
j
x
e
t
g
d
t
u
x
t
a
j
x
j
d
r
r
j
a
r
j
u
k
n
n
d
k
g
d
d
e
j
t
t
j
j
g
n
n
j
d
u
j
d
u
t
g
g
x
r
n
j
k
u
j
d
g
t
t
r
n
d
t
j
k
j
d
e
u
e
u
e
u
e
r
x
n
r
u
t
a
r
g
j
d
a
r
u
e
k
g
u
u
x
k
u
r
n
u
j
u
k
u
r
d
r
g
e
n
u
e
a
j
u
j
g
e
n
u
n
x
g
k
j
t
k
u
j
j
r
t
j
j
t
u
j
j
r
e
r
j
r
e
x
a
x
n
u
x
k
k
j
e
j
d
e
x
e
k
k
a
g
d
r
j
a
a
r
g
k
r
a
n
g
u
e
k
j
n
k
x
k
a
n
j
j
e
j
t
a
k
n
j
d
k
g
k
u
r
u
n
r
g
x
n
d
u
n
k
t
u
j
e
d
d
u
e
u
g
r
k
u
j
k
r
x
u
k
t
a
n
j
j
d
n
d
e
n
t
e
r
a
x
n
g
j
a
u
n
x
k
k
j
u
u
r
n
j
j
a
x
j
u
a
a
d
x
g
t
j
k
e
j
g
g
g
u
x
a
k
k
j
a
e
x
t
x
n
k
t
n
j
j
e
k
r
d
x
u
k
j
t
k
t
a
r
a
u
x
j
u
u
x
j
n
r
u
j
j
n
a
e
r
j
k
u
u
j
a
g
u
a
d
u
e
u
n
j
j
e
t
u
e
d
e
j
u
x
a
j
e
j
d
u
u
e
x
e
j
j
j
d
n
u
e
j
r
u
u
n
r
j
u
u
x
j
k
n
k
t
e
n
n
x
k
k
u
n
j
j
k
x
u
d
r
u
r
u
n
t
x
r
t
g
u
k
j
e
j
d
j
d
g
k
j
n
a
u
e
n
u
j
u
j
u
j
k
t
d
r
k
j
k
n
x
g
d
k
u
n
u
n
g
t
k
d
x
e
x
u
x
e
k
n
x
j
d
e
u
d
t
k
x
e
n
k
u
a
n
k
j
e
a
d
r
t
d
j
x
t
g
n
a
j
u
d
k
j
e
r
j
a
e
d
r
e
k
a
x
a
k
a
k
j
t
r
t
u
t
j
n
g
u
n
j
g
j
g
r
k
r
r
a
u
u
u
d
n
g
d
g
x
r
e
u
r
r
t
n
j
n
j
k
n
u
x
a
k
r
j
r
k
x
a
k
n
j
t
g
u
j
e
e
k
k
a
e
r
x
x
g
x
g
j
e
j
j
n
a
k
u
g
j
a
u
e
x
n
x
g
t
e
r
t
u
x
t
r
u
k
j
a
x
u
g
e
j
k
e
r
k
g
a
j
x
x
u
d
j
d
x
d
t
u
x
k
g
x
g
j
g
e
k
n
k
x
u
g
j
a
k
d
d
a
t
a
e
r
x
u
n
r
u
a
r
t
u
t
g
e
e
j
j
n
k
r
a
t
g
a
t
r
u
x
n
e
r
t
u
x
a
k
g
u
u
j
e
d
r
x
n
t
e
j
a
j
u
a
j
u
k
r
u
j
u
j
k
g
x
g
x
k
a
t
g
u
j
j
g
r
r
n
r
u
g
j
j
a
u
a
g
a
j
d
r
a
t
u
d
j
j
x
a
k
r
r
j
u
x
j
n
j
n
d
d
t
a
r
t
r
j
d
u
r
t
e
t
u
u
r
j
g
g
a
j
j
g
r
j
n
r
r
j
j
k
e
u
x
n
x
j
u
j
r
r
j
j
u
d
n
u
j
t
n
a
u
d
k
d
e
u
t
a
j
a
k
g
a
e
j
r
d
d
u
u
u
r
n
r
u
a
n
j
u
k
e
e
r
n
a
e
r
j
j
u
t
e
u
u
d
t
x
n
r
a
d
x
e
u
d
a
u
u
x
u
d
d
n
j
u
k
g
g
u
k
e
n
n
x
a
j
a
x
x
t
k
a
t
j
e
x
n
x
n
e
e
a
d
x
t
x
n
r
k
g
j
g
t
n
n
x
e
a
e
n
u
u
j
r
a
g
u
d
n
u
u
r
u
r
n
a
n
g
e
j
u
x
d
e
e
e
g
u
x
k
j
e
e
g
u
u
e
j
e
n
u
a
e
t
j
u
r
r
r
e
r
t
u
x
n
u
j
n
u
t
u
a
t
j
n
u
d
k
j
x
a
t
j
u
d
r
a
e
j
e
x
j
u
d
d
j
k
u
n
j
a
j
g
d
x
u
x
u
e
x
k
t
r
g
r
x
u
n
j
x
d
r
x
t
j
a
r
e
g
x
j
n
n
j
t
a
t
k
g
t
t
g
t
n
a
n
t
u
a
u
r
r
k
g
x
r
n
r
j
u
k
a
d
r
k
a
u
j
u
k
u
a
j
x
u
a
k
j
a
u
x
u
n
g
u
j
j
u
t
k
e
t
j
e
u
x
d
g
j
x
k
x
k
j
g
d
k
e
d
x
a
n
j
j
n
n
a
k
t
u
e
d
t
r
a
r
u
g
k
n
k
k
j
j
k
g
t
t
u
e
t
u
u
x
u
j
t
e
e
n
g
x
r
x
j
r
j
a
j
k
g
u
e
j
j
k
r
u
j
j
t
d
u
n
d
j
j
j
t
k
g
n
j
u
u
t
k
n
j
e
d
a
a
j
u
x
u
j
g
t
j
n
n
g
n
t
u
u
t
j
u
a
u
e
k
a
u
d
j
u
t
e
t
n
j
k
d
g
n
j
u
r
j
k
t
e
a
n
n
g
d
j
e
r
n
u
r
a
u
x
k
a
u
x
j
n
g
j
e
u
e
u
u
x
n
u
t
n
u
j
u
r
d
t
k
u
g
k
j
g
j
j
j
u
u
j
j
u
t
t
d
d
t
j
j
a
e
a
r
u
r
t
g
t
u
r
r
n
k
u
u
a
u
u
d
g
u
j
u
x
u
k
d
a
e
j
n
d
k
e
r
j
e
g
a
d
d
g
u
u
j
j
a
r
g
d
x
a
t
g
n
u
t
n
n
x
x
t
j
g
x
k
x
t
u
d
u
d
u
k
d
g
j
u
j
n
a
u
k
u
j
n
j
e
e
j
u
x
e
g
u
a
u
g
d
a
j
x
a
d
n
j
g
t
j
j
x
g
n
t
u
n
a
j
j
u
u
u
d
n
j
k
n
r
u
x
j
d
d
a
x
g
x
k
n
e
k
j
j
u
g
g
u
e
g
u
u
k
r
u
g
r
d
j
a
j
k
u
j
a
j
e
n
x
j
g
d
n
d
e
g
u
j
j
u
k
j
a
r
r
d
j
u
j
j
j
j
j
a
u
d
k
j
t
a
u
n
u
k
e
d
j
g
u
n
j
u
a
d
g
k
j
j
n
j
k
d
k
r
x
g
u
a
t
j
t
k
k
j
d
u
k
k
g
u
d
a
n
d
u
n
a
e
g
j
t
j
e
u
g
j
t
k
d
a
r
e
d
u
x
x
r
t
k
j
u
d
n
a
t
g
x
j
g
j
t
a
r
r
d
d
j
a
e
t
k
d
j
r
x
g
a
t
j
x
j
j
t
t
u
t
g
k
x
u
n
u
u
a
a
d
d
d
u
u
j
j
r
j
g
t
k
u
k
x
a
g
g
j
n
n
e
u
r
d
j
n
d
e
u
u
j
n
u
j
u
r
x
r
x
u
x
u
d
j
u
e
j
d
j
j
j
k
x
e
k
e
n
d
u
u
e
x
k
a
g
e
r
e
x
e
k
n
r
e
x
k
n
g
t
d
j
k
e
r
k
j
g
k
d
u
d
n
t
j
d
k
j
t
r
x
j
a
u
j
j
x
x
j
t
j
t
a
n
d
d
u
d
g
k
j
a
d
g
x
t
j
j
g
u
g
k
a
g
x
j
d
j
x
e
u
e
u
e
u
n
t
r
k
k
r
x
d
u
k
j
t
a
j
d
a
a
j
x
g
g
d
t
j
g
x
g
n
d
n
g
n
j
g
n
j
e
n
u
t
u
n
n
u
x
x
u
u
d
n
u
u
x
d
t
e
t
e
g
u
n
g
a
r
e
x
r
x
e
u
j
u
u
t
d
j
a
u
j
n
u
u
j
a
j
e
k
t
u
j
r
x
k
j
u
e
j
x
g
k
t
u
t
x
x
k
t
a
g
j
t
j
u
x
k
d
g
d
a
e
d
g
g
k
r
t
r
e
u
r
u
x
u
u
a
t
k
r
d
a
e
e
n
e
r
k
j
j
j
k
r
r
k
x
a
r
d
a
d
t
e
x
n
a
t
t
k
d
k
g
u
u
d
r
x
r
j
x
u
d
x
d
x
u
j
u
u
x
j
n
j
j
x
e
g
j
e
g
r
a
u
d
j
a
x
n
j
d
j
e
t
a
t
x
t
r
u
j
d
r
d
j
k
g
r
n
k
g
n
u
n
j
k
x
j
n
k
t
r
j
n
t
a
e
u
u
n
g
j
g
n
r
x
u
e
d
n
n
j
x
d
x
u
d
k
u
n
u
r
a
k
k
u
e
d
a
r
d
n
d
a
u
g
u
d
u
u
x
d
d
x
x
u
e
e
j
j
r
j
a
x
k
j
t
n
k
r
g
n
u
x
t
u
a
u
r
t
x
a
d
d
j
u
u
t
d
d
d
j
a
t
e
d
g
n
x
u
j
r
x
k
n
u
j
e
n
x
x
t
n
n
u
x
a
e
t
e
k
j
j
n
u
e
j
n
j
d
u
u
x
j
k
t
e
x
r
u
x
j
g
a
k
e
x
g
j
g
j
j
j
n
d
a
e
d
d
j
d
u
x
u
j
d
x
u
j
u
t
a
x
r
n
j
u
r
j
x
j
a
d
r
r
r
k
u
u
x
j
k
k
j
e
a
g
g
a
a
e
d
u
k
j
j
a
a
u
r
d
k
r
d
r
k
u
g
j
j
t
u
x
g
j
j
u
e
u
r
a
x
e
n
j
d
u
d
t
u
j
a
x
d
j
j
d
n
u
n
r
x
j
x
n
j
a
a
t
u
d
r
u
n
t
k
j
g
j
a
x
g
d
u
j
r
e
g
r
k
k
u
t
n
j
k
u
k
k
g
g
a
j
u
x
r
r
r
a
u
u
d
a
n
j
u
u
t
d
d
d
k
j
j
x
a
e
t
t
r
t
e
n
j
j
j
a
r
r
a
r
r
j
e
n
a
u
u
t
j
d
x
a
j
g
k
j
j
g
j
x
a
d
u
j
j
r
g
d
e
k
n
n
u
g
x
r
k
j
g
e
k
g
u
u
a
t
g
e
n
j
d
u
u
a
k
j
a
d
t
k
j
j
j
n
t
n
g
a
u
e
g
e
a
a
x
k
u
j
j
x
t
g
k
a
r
u
u
g
u
j
x
n
n
n
t
d
e
g
j
e
r
t
u
j
j
u
g
k
u
e
g
t
j
d
k
j
x
e
j
t
e
x
g
r
j
t
x
n
u
e
t
k
k
t
u
a
t
g
a
t
x
k
u
e
t
j
t
k
u
k
r
n
u
a
g
a
g
e
j
n
d
g
u
d
r
j
u
j
d
d
g
e
n
u
j
g
j
t
j
k
g
d
t
r
k
t
d
u
x
n
j
n
j
j
j
k
t
j
r
n
u
x
n
e
u
t
d
x
u
g
k
j
d
x
t
d
j
x
k
t
j
x
r
n
d
n
k
x
k
g
r
g
k
x
d
u
n
r
u
u
n
u
u
x
e
u
e
j
x
g
k
u
n
k
j
a
d
r
e
j
j
a
t
k
d
g
g
x
j
n
d
x
u
n
k
j
u
j
j
t
a
r
u
g
n
u
e
x
u
n
n
r
r
u
a
r
n
x
k
t
t
g
a
j
g
j
g
j
n
a
x
r
a
t
u
r
e
k
x
j
n
g
d
j
e
a
t
n
u
t
t
a
u
g
g
a
r
j
a
j
j
j
g
e
a
g
r
t
u
n
x
r
u
u
g
j
k
e
g
j
e
a
u
n
x
j
g
k
k
r
j
d
g
e
u
g
a
e
u
r
u
g
t
u
j
e
g
k
t
k
u
r
g
j
n
r
u
d
n
k
t
g
e
j
r
r
j
u
k
t
x
u
j
t
u
x
j
x
u
e
a
u
j
u
e
g
u
t
j
u
u
g
u
u
g
n
g
j
u
u
n
r
r
g
n
r
e
n
k
a
t
d
n
u
t
n
t
g
n
j
a
n
a
u
g
u
u
d
d
d
a
x
n
g
g
r
t
g
e
a
u
t
x
j
t
d
n
u
j
r
u
u
r
k
j
j
r
d
u
j
u
u
k
x
x
e
u
j
d
j
x
g
t
r
e
k
x
g
u
e
e
t
r
j
u
d
d
g
r
n
x
e
j
e
t
r
r
r
e
u
e
e
n
g
n
a
x
a
j
u
e
k
j
e
a
g
j
e
u
d
d
t
r
k
t
j
d
j
r
k
a
e
k
a
a
u
t
u
g
k
u
a
t
n
r
e
e
a
k
k
x
a
g
u
j
t
j
x
r
k
j
j
r
t
d
k
u
k
u
k
j
g
r
e
u
r
g
a
u
u
u
u
j
a
e
j
u
j
t
g
t
g
a
j
d
a
g
d
e
r
j
d
r
u
d
d
a
k
r
g
j
r
k
g
j
u
g
d
u
r
d
k
r
r
u
n
k
k
u
x
d
x
j
n
k
a
n
u
g
r
j
j
u
k
j
r
j
n
x
u
j
u
g
g
j
u
j
r
e
u
u
x
e
a
g
g
x
k
r
t
e
u
e
a
d
t
u
u
t
u
u
g
j
u
u
e
t
u
j
r
a
j
a
u
j
a
e
d
u
x
t
a
g
j
j
t
e
u
j
x
n
e
j
j
d
e
j
j
d
j
x
g
t
u
u
r
e
j
a
u
d
a
n
g
x
r
e
a
j
t
n
t
n
g
t
a
t
g
u
k
u
u
g
j
j
u
r
u
e
j
d
j
n
j
u
a
j
a
n
j
t
u
g
t
t
t
g
g
t
g
d
j
u
x
u
g
e
r
j
e
j
j
d
u
r
j
j
e
u
k
t
t
g
u
j
e
r
d
d
a
u
x
j
x
u
x
u
n
x
u
g
x
r
d
u
d
j
u
t
n
t
u
e
r
j
g
u
u
g
u
n
x
u
j
g
e
x
u
e
d
g
u
u
e
x
k
k
u
d
g
x
u
j
j
e
g
d
r
u
r
g
t
g
a
r
a
j
u
u
u
x
j
k
r
e
a
a
k
u
u
a
r
r
x
x
d
u
g
x
a
a
u
u
e
a
e
a
k
r
j
g
e
g
u
t
j
u
n
k
d
j
t
u
g
t
d
e
n
k
j
r
n
j
x
j
u
j
j
e
u
k
k
j
j
j
x
j
k
j
n
g
n
k
n
a
d
d
r
a
j
x
k
a
j
k
t
r
j
j
x
g
g
t
g
u
e
u
u
k
j
j
j
d
a
e
a
t
k
a
x
d
g
x
d
a
d
a
u
x
e
g
u
j
u
j
e
t
a
r
u
j
j
n
k
d
e
t
u
d
u
g
a
r
g
a
n
g
n
t
j
g
g
x
j
n
k
d
t
r
t
r
d
j
k
k
d
j
j
a
j
j
a
a
u
g
x
g
r
r
g
a
u
a
j
u
k
g
j
n
r
e
g
t
u
t
a
u
j
u
g
j
j
a
a
j
k
r
x
r
k
x
k
g
d
r
j
j
k
x
e
g
n
x
j
n
x
u
r
j
j
x
j
j
j
e
n
a
j
u
r
u
d
u
j
r
e
e
k
r
n
t
r
d
k
g
n
x
k
x
r
n
j
u
r
g
u
a
r
u
e
k
n
r
g
u
t
d
j
u
u
d
t
a
t
j
g
e
a
u
t
d
u
j
j
t
g
r
x
d
u
t
u
r
a
j
j
d
a
j
g
j
j
u
n
k
x
j
u
d
x
a
j
g
g
u
u
t
k
k
r
u
n
g
e
j
e
r
x
j
e
x
j
j
e
n
u
j
g
u
e
x
u
j
a
u
u
a
n
k
g
u
x
n
t
r
k
g
j
a
d
u
g
g
u
a
a
n
x
e
d
j
j
n
x
r
j
u
g
g
u
j
d
a
g
r
t
d
n
t
g
t
d
g
j
t
t
n
j
e
u
d
e
u
e
j
g
a
a
u
j
e
u
k
t
a
k
g
j
k
r
j
n
e
x
k
u
d
g
r
g
u
u
t
r
e
u
j
e
j
t
g
k
j
n
e
u
n
x
g
k
k
t
n
u
d
k
a
d
a
r
g
a
k
u
j
j
j
n
n
k
j
n
k
j
a
d
g
u
u
d
k
d
n
u
j
x
u
a
e
r
k
j
j
k
x
g
u
k
a
a
u
j
t
g
t
d
g
j
j
g
d
g
d
j
r
e
r
k
u
d
r
a
t
j
j
e
u
d
u
u
t
x
u
g
a
e
u
x
x
j
t
g
j
r
t
x
g
n
g
u
g
a
n
u
u
d
g
k
t
n
u
u
g
n
t
t
a
a
u
g
a
u
u
j
u
k
j
j
d
j
e
g
j
a
k
j
a
t
j
g
u
r
e
t
r
e
n
r
t
u
g
g
g
j
n
n
r
x
g
t
t
g
r
e
u
e
u
j
g
n
g
x
d
g
d
a
e
u
a
j
j
d
g
u
k
j
t
x
g
k
u
a
r
j
d
k
t
r
e
t
e
u
u
a
d
e
e
j
k
j
j
d
t
u
r
r
j
j
g
u
j
r
g
e
d
n
d
x
r
g
j
u
j
n
n
k
n
d
t
r
r
u
g
t
u
j
u
r
j
j
j
k
j
n
u
k
t
n
u
u
u
j
r
x
n
a
e
g
d
j
r
a
n
j
d
u
n
e
g
k
k
t
d
d
j
n
d
t
x
d
j
a
n
j
r
k
d
j
d
n
k
k
e
g
j
t
d
g
j
j
j
u
t
a
r
d
g
x
u
e
j
g
e
j
u
x
t
n
e
r
u
k
r
j
j
j
t
e
a
t
j
u
n
e
e
a
u
d
r
a
g
n
j
g
k
a
x
k
j
g
u
e
a
j
e
k
j
n
u
t
j
k
t
d
g
e
r
d
k
e
n
k
d
j
x
a
u
u
j
n
u
a
k
t
e
t
g
n
e
r
t
t
g
n
g
u
k
g
e
j
n
r
x
n
k
e
a
g
n
d
a
u
a
t
t
g
a
k
r
j
n
d
r
j
n
k
r
a
j
k
j
a
t
d
j
u
a
d
r
n
t
d
j
r
j
n
x
u
x
k
u
j
j
a
j
g
n
a
d
u
r
u
n
x
r
k
a
d
u
d
u
e
j
u
d
t
d
x
j
d
u
j
a
j
k
e
k
j
j
k
k
j
j
g
g
d
n
g
t
x
d
a
j
r
j
r
j
x
k
t
d
j
e
t
t
j
d
e
j
t
g
e
t
j
r
r
g
t
j
x
k
a
g
j
t
d
g
u
x
r
e
d
a
x
k
r
u
u
j
a
u
x
a
x
k
j
a
e
u
g
x
n
k
n
u
x
a
r
u
d
e
x
r
k
t
j
r
g
r
e
u
t
d
e
u
a
e
j
x
g
u
j
j
t
e
t
j
k
d
g
u
u
t
u
j
t
j
n
j
u
u
t
e
g
x
x
t
d
j
d
j
d
k
g
k
j
d
r
x
t
x
j
t
k
e
e
r
n
u
e
k
d
j
e
a
d
x
t
j
x
a
t
a
k
n
n
t
g
d
a
d
u
n
r
g
d
e
r
u
n
a
a
e
t
d
n
e
g
a
t
j
k
d
j
k
r
d
n
t
j
u
u
t
u
u
a
r
u
g
e
j
j
e
d
a
u
e
j
j
j
e
e
j
e
a
j
u
r
u
r
r
x
n
n
k
r
k
j
j
a
u
x
u
u
u
n
x
j
g
a
k
t
d
u
u
t
u
r
u
n
u
t
u
j
d
j
u
d
k
t
u
a
d
j
t
k
j
u
u
u
u
k
j
n
n
u
x
a
u
u
j
j
u
d
x
g
e
a
u
u
j
j
k
x
j
u
u
u
j
t
d
x
t
g
r
u
u
j
u
r
r
j
j
k
r
k
g
u
g
j
u
u
x
j
t
d
a
u
k
g
r
t
a
e
u
j
t
j
r
j
r
g
t
j
g
x
u
t
t
u
d
g
r
u
t
j
j
d
u
u
k
u
r
r
j
r
x
j
g
r
u
u
n
t
g
e
u
u
t
u
d
e
g
u
a
j
g
d
x
u
n
r
u
k
u
n
u
a
r
n
j
g
x
t
e
t
d
g
j
r
j
e
j
t
u
r
u
r
u
a
j
d
d
a
k
e
t
r
e
t
j
x
k
g
e
x
g
u
r
r
j
x
e
j
t
d
u
n
r
j
u
u
x
j
t
g
u
k
u
n
d
k
a
n
j
d
j
j
a
r
t
n
x
r
u
u
u
d
t
x
j
u
k
j
a
r
u
t
t
n
x
j
t
d
x
j
d
r
k
a
t
x
x
g
u
e
n
u
u
u
r
u
t
u
g
a
g
j
n
x
u
r
k
d
x
t
e
x
d
u
j
n
a
n
x
d
j
k
d
d
k
e
g
t
r
j
a
d
d
d
e
a
r
j
n
e
e
t
g
k
j
u
k
u
t
a
u
t
j
t
k
d
a
a
a
j
t
r
x
n
j
k
j
u
u
t
j
x
j
r
r
k
n
n
g
n
x
u
d
n
u
t
j
d
g
u
g
j
r
a
u
k
u
a
e
x
k
r
n
u
k
n
e
r
e
x
g
u
e
x
e
u
n
k
u
j
d
g
r
g
a
x
d
k
u
u
t
n
d
u
e
e
t
u
t
u
e
x
a
g
u
d
t
g
t
n
j
k
a
n
r
r
n
u
u
x
a
e
u
u
j
a
a
t
a
x
r
u
d
r
j
t
a
n
j
e
n
u
g
x
x
n
e
g
t
j
r
r
a
d
d
t
n
u
k
g
u
e
g
j
x
k
k
a
j
a
u
x
k
n
r
u
j
u
j
e
t
g
e
k
u
e
e
u
j
x
e
a
x
j
a
k
x
u
j
u
j
d
g
j
j
t
u
x
t
d
r
j
k
j
u
t
e
t
u
a
j
n
k
e
u
k
a
d
t
u
a
a
k
a
x
t
j
d
d
k
x
a
u
r
j
k
x
a
g
k
t
t
u
k
u
t
x
n
d
d
x
k
n
x
a
k
u
r
d
j
g
t
t
k
j
x
e
k
g
u
u
n
a
x
j
d
n
r
k
t
x
g
a
u
u
d
j
a
u
a
n
a
t
t
u
k
k
a
d
t
u
e
j
d
n
u
j
a
j
g
k
n
g
d
a
a
g
k
d
t
a
u
d
j
u
k
x
t
r
t
n
k
a
j
e
j
x
g
n
j
t
x
a
t
d
a
t
e
n
r
a
e
a
u
u
d
e
e
e
j
k
e
a
n
x
x
u
a
a
j
r
r
k
t
t
a
r
g
j
t
a
u
u
d
g
d
j
j
g
r
e
k
g
a
j
g
r
u
x
d
x
d
d
k
j
j
r
d
j
n
a
j
n
d
d
a
a
k
j
j
a
x
n
x
j
k
j
e
d
j
a
j
j
u
r
u
j
u
r
n
r
e
n
n
e
j
g
j
k
k
e
t
u
j
x
e
d
n
j
g
u
e
r
e
j
t
u
t
x
d
n
n
a
t
e
r
u
u
j
t
k
x
u
j
k
x
j
d
k
u
r
t
g
u
r
u
u
n
r
t
r
t
u
g
a
t
a
t
j
j
a
g
u
r
j
u
x
r
j
j
d
t
a
k
j
t
g
u
r
j
r
e
u
r
n
j
k
r
d
u
j
g
j
u
d
d
r
a
e
x
e
d
d
u
j
r
r
k
u
a
j
u
u
n
j
n
n
j
g
a
u
u
u
u
r
u
d
a
j
x
r
u
x
t
u
x
k
r
k
u
k
t
u
a
n
n
a
r
x
u
j
u
g
k
e
j
x
j
g
a
j
u
e
j
e
e
d
x
u
j
d
u
j
n
a
u
u
a
g
a
t
d
d
n
k
j
k
g
j
d
j
d
u
a
u
j
g
u
t
n
j
u
k
k
e
t
u
n
a
j
u
a
a
n
u
t
x
x
a
d
u
r
e
k
a
u
r
k
u
k
d
n
u
g
g
k
g
n
k
e
k
r
t
t
j
n
j
u
j
k
j
n
x
e
j
e
t
j
u
d
d
d
n
g
a
t
j
j
u
e
a
u
j
g
d
g
x
t
e
k
g
u
j
u
k
t
e
j
a
u
g
x
t
t
e
g
r
t
u
g
e
n
x
n
d
x
r
j
e
j
x
a
u
k
a
j
u
j
g
u
u
x
n
t
d
u
r
e
e
e
j
a
j
u
u
u
j
e
e
e
a
a
r
j
r
n
k
a
a
j
n
t
g
e
x
e
n
r
t
a
u
e
x
a
k
j
d
j
a
n
x
j
e
n
u
u
x
n
t
n
t
k
k
d
u
n
u
k
e
a
j
u
a
a
x
a
t
j
j
e
j
n
j
u
j
j
k
g
d
x
d
g
e
g
u
u
a
e
g
j
k
t
n
k
u
g
g
d
k
u
u
t
u
k
e
k
n
k
t
k
u
d
j
u
e
j
a
a
d
n
a
a
d
e
j
k
u
r
u
j
u
k
x
k
n
n
n
e
u
e
j
x
a
k
d
u
j
r
e
j
j
a
j
g
e
a
n
u
r
g
n
j
r
u
t
j
r
x
a
k
r
a
d
g
a
j
u
n
t
r
x
a
a
t
k
g
j
g
u
r
j
u
n
t
t
a
j
j
g
g
n
j
t
t
u
n
j
k
g
a
j
j
j
r
j
u
a
e
u
e
k
e
n
j
r
r
t
n
d
u
x
x
j
x
u
e
j
u
e
n
u
a
e
n
g
d
u
k
u
e
x
j
e
g
t
u
k
k
j
j
k
t
x
g
a
k
a
k
j
a
k
g
k
d
u
j
k
j
x
j
j
n
r
k
e
u
t
j
j
d
g
d
j
g
g
t
j
a
u
e
t
n
t
u
r
u
u
u
x
g
a
r
g
d
x
j
j
r
e
u
g
j
t
t
a
j
u
u
g
n
k
j
u
e
u
x
n
t
u
r
k
j
a
g
t
j
a
x
n
j
e
n
j
j
d
t
d
g
a
d
r
u
g
a
k
u
g
j
g
x
e
t
u
e
e
g
a
t
e
j
u
j
t
u
g
r
g
t
x
d
j
j
g
a
k
j
d
k
a
n
k
j
k
n
j
t
e
j
t
n
x
k
u
n
r
e
d
t
n
g
n
r
j
k
e
u
t
n
a
d
u
u
u
u
u
a
t
n
a
d
t
j
g
r
k
u
a
j
k
d
r
k
x
j
a
u
e
d
u
j
r
n
j
t
t
x
t
r
n
n
j
r
t
r
j
j
e
d
x
k
u
k
j
u
g
u
e
t
t
e
j
u
k
e
a
a
u
e
u
n
u
e
d
k
r
t
j
r
k
g
n
d
k
j
n
n
u
j
k
e
k
x
x
e
g
e
d
e
r
x
x
a
t
u
x
u
k
x
k
u
j
d
e
j
t
u
j
u
u
u
e
g
k
r
n
g
n
a
x
u
r
u
j
d
u
u
u
j
a
x
u
u
e
t
j
j
a
d
j
t
r
k
t
t
u
d
d
a
j
d
u
u
e
j
t
j
t
r
x
u
j
r
x
a
n
x
n
g
g
r
u
g
e
r
e
j
j
j
